// Jest Snapshot v1, https://goo.gl/fbAQLP

exports[`Snapshot of the Directory component should render correctly 1`] = `ReactWrapper {}`;
