// Jest Snapshot v1, https://goo.gl/fbAQLP

exports[`Snapshot of the Nasdaq component should render correctly 1`] = `ReactWrapper {}`;
