// Jest Snapshot v1, https://goo.gl/fbAQLP

exports[`Screenshot of the Ticker component should render correctly 1`] = `ReactWrapper {}`;
